------------------------------------------------------------
Timing Analyzer Summary
------------------------------------------------------------

Type  : Slow 1200mV 85C Model Setup 'vgaSync:vs1|hcounter[0]'
Slack : -6.683
TNS   : -64.181

Type  : Slow 1200mV 85C Model Setup 'vgaSync:vs1|clkdiv25:cd0|cout'
Slack : -3.831
TNS   : -70.009

Type  : Slow 1200mV 85C Model Setup 'clk'
Slack : -3.581
TNS   : -83.042

Type  : Slow 1200mV 85C Model Setup 'game:g1|msclock:cl1|cout'
Slack : -3.362
TNS   : -56.709

Type  : Slow 1200mV 85C Model Setup 'game:g1|change[0]'
Slack : -1.217
TNS   : -2.318

Type  : Slow 1200mV 85C Model Setup 'game:g1|change[7]'
Slack : -1.137
TNS   : -2.179

Type  : Slow 1200mV 85C Model Setup 'game:g1|change[2]'
Slack : -1.072
TNS   : -2.108

Type  : Slow 1200mV 85C Model Setup 'game:g1|change[5]'
Slack : -1.024
TNS   : -1.897

Type  : Slow 1200mV 85C Model Setup 'game:g1|change[6]'
Slack : -0.944
TNS   : -1.521

Type  : Slow 1200mV 85C Model Setup 'game:g1|change[3]'
Slack : -0.791
TNS   : -1.397

Type  : Slow 1200mV 85C Model Setup 'game:g1|change[1]'
Slack : -0.735
TNS   : -1.137

Type  : Slow 1200mV 85C Model Setup 'game:g1|change[8]'
Slack : -0.651
TNS   : -1.176

Type  : Slow 1200mV 85C Model Setup 'game:g1|change[4]'
Slack : -0.644
TNS   : -1.178

Type  : Slow 1200mV 85C Model Hold 'vgaSync:vs1|hcounter[0]'
Slack : 0.289
TNS   : 0.000

Type  : Slow 1200mV 85C Model Hold 'game:g1|msclock:cl1|cout'
Slack : 0.331
TNS   : 0.000

Type  : Slow 1200mV 85C Model Hold 'clk'
Slack : 0.546
TNS   : 0.000

Type  : Slow 1200mV 85C Model Hold 'vgaSync:vs1|clkdiv25:cd0|cout'
Slack : 0.559
TNS   : 0.000

Type  : Slow 1200mV 85C Model Hold 'game:g1|change[1]'
Slack : 0.773
TNS   : 0.000

Type  : Slow 1200mV 85C Model Hold 'game:g1|change[4]'
Slack : 0.853
TNS   : 0.000

Type  : Slow 1200mV 85C Model Hold 'game:g1|change[8]'
Slack : 0.909
TNS   : 0.000

Type  : Slow 1200mV 85C Model Hold 'game:g1|change[6]'
Slack : 0.927
TNS   : 0.000

Type  : Slow 1200mV 85C Model Hold 'game:g1|change[3]'
Slack : 0.933
TNS   : 0.000

Type  : Slow 1200mV 85C Model Hold 'game:g1|change[5]'
Slack : 1.208
TNS   : 0.000

Type  : Slow 1200mV 85C Model Hold 'game:g1|change[7]'
Slack : 1.380
TNS   : 0.000

Type  : Slow 1200mV 85C Model Hold 'game:g1|change[2]'
Slack : 1.418
TNS   : 0.000

Type  : Slow 1200mV 85C Model Hold 'game:g1|change[0]'
Slack : 1.488
TNS   : 0.000

Type  : Slow 1200mV 85C Model Minimum Pulse Width 'clk'
Slack : -3.000
TNS   : -44.548

Type  : Slow 1200mV 85C Model Minimum Pulse Width 'vgaSync:vs1|hcounter[0]'
Slack : -1.328
TNS   : -63.483

Type  : Slow 1200mV 85C Model Minimum Pulse Width 'vgaSync:vs1|clkdiv25:cd0|cout'
Slack : -1.222
TNS   : -28.106

Type  : Slow 1200mV 85C Model Minimum Pulse Width 'game:g1|msclock:cl1|cout'
Slack : -1.222
TNS   : -23.218

Type  : Slow 1200mV 85C Model Minimum Pulse Width 'game:g1|change[0]'
Slack : -1.222
TNS   : -2.444

Type  : Slow 1200mV 85C Model Minimum Pulse Width 'game:g1|change[1]'
Slack : -1.222
TNS   : -2.444

Type  : Slow 1200mV 85C Model Minimum Pulse Width 'game:g1|change[2]'
Slack : -1.222
TNS   : -2.444

Type  : Slow 1200mV 85C Model Minimum Pulse Width 'game:g1|change[3]'
Slack : -1.222
TNS   : -2.444

Type  : Slow 1200mV 85C Model Minimum Pulse Width 'game:g1|change[4]'
Slack : -1.222
TNS   : -2.444

Type  : Slow 1200mV 85C Model Minimum Pulse Width 'game:g1|change[5]'
Slack : -1.222
TNS   : -2.444

Type  : Slow 1200mV 85C Model Minimum Pulse Width 'game:g1|change[6]'
Slack : -1.222
TNS   : -2.444

Type  : Slow 1200mV 85C Model Minimum Pulse Width 'game:g1|change[7]'
Slack : -1.222
TNS   : -2.444

Type  : Slow 1200mV 85C Model Minimum Pulse Width 'game:g1|change[8]'
Slack : -1.222
TNS   : -2.444

Type  : Slow 1200mV 0C Model Setup 'vgaSync:vs1|hcounter[0]'
Slack : -6.067
TNS   : -58.011

Type  : Slow 1200mV 0C Model Setup 'vgaSync:vs1|clkdiv25:cd0|cout'
Slack : -3.404
TNS   : -61.727

Type  : Slow 1200mV 0C Model Setup 'clk'
Slack : -3.194
TNS   : -74.394

Type  : Slow 1200mV 0C Model Setup 'game:g1|msclock:cl1|cout'
Slack : -3.020
TNS   : -50.397

Type  : Slow 1200mV 0C Model Setup 'game:g1|change[0]'
Slack : -1.002
TNS   : -1.901

Type  : Slow 1200mV 0C Model Setup 'game:g1|change[7]'
Slack : -0.946
TNS   : -1.805

Type  : Slow 1200mV 0C Model Setup 'game:g1|change[2]'
Slack : -0.896
TNS   : -1.761

Type  : Slow 1200mV 0C Model Setup 'game:g1|change[5]'
Slack : -0.823
TNS   : -1.513

Type  : Slow 1200mV 0C Model Setup 'game:g1|change[6]'
Slack : -0.757
TNS   : -1.186

Type  : Slow 1200mV 0C Model Setup 'game:g1|change[3]'
Slack : -0.629
TNS   : -1.085

Type  : Slow 1200mV 0C Model Setup 'game:g1|change[1]'
Slack : -0.582
TNS   : -0.862

Type  : Slow 1200mV 0C Model Setup 'game:g1|change[8]'
Slack : -0.507
TNS   : -0.894

Type  : Slow 1200mV 0C Model Setup 'game:g1|change[4]'
Slack : -0.492
TNS   : -0.882

Type  : Slow 1200mV 0C Model Hold 'vgaSync:vs1|hcounter[0]'
Slack : 0.290
TNS   : 0.000

Type  : Slow 1200mV 0C Model Hold 'game:g1|msclock:cl1|cout'
Slack : 0.300
TNS   : 0.000

Type  : Slow 1200mV 0C Model Hold 'clk'
Slack : 0.502
TNS   : 0.000

Type  : Slow 1200mV 0C Model Hold 'vgaSync:vs1|clkdiv25:cd0|cout'
Slack : 0.514
TNS   : 0.000

Type  : Slow 1200mV 0C Model Hold 'game:g1|change[1]'
Slack : 0.712
TNS   : 0.000

Type  : Slow 1200mV 0C Model Hold 'game:g1|change[4]'
Slack : 0.780
TNS   : 0.000

Type  : Slow 1200mV 0C Model Hold 'game:g1|change[8]'
Slack : 0.824
TNS   : 0.000

Type  : Slow 1200mV 0C Model Hold 'game:g1|change[6]'
Slack : 0.840
TNS   : 0.000

Type  : Slow 1200mV 0C Model Hold 'game:g1|change[3]'
Slack : 0.858
TNS   : 0.000

Type  : Slow 1200mV 0C Model Hold 'game:g1|change[5]'
Slack : 1.098
TNS   : 0.000

Type  : Slow 1200mV 0C Model Hold 'game:g1|change[7]'
Slack : 1.267
TNS   : 0.000

Type  : Slow 1200mV 0C Model Hold 'game:g1|change[2]'
Slack : 1.315
TNS   : 0.000

Type  : Slow 1200mV 0C Model Hold 'game:g1|change[0]'
Slack : 1.350
TNS   : 0.000

Type  : Slow 1200mV 0C Model Minimum Pulse Width 'clk'
Slack : -3.000
TNS   : -44.548

Type  : Slow 1200mV 0C Model Minimum Pulse Width 'vgaSync:vs1|clkdiv25:cd0|cout'
Slack : -1.222
TNS   : -28.106

Type  : Slow 1200mV 0C Model Minimum Pulse Width 'game:g1|msclock:cl1|cout'
Slack : -1.222
TNS   : -23.218

Type  : Slow 1200mV 0C Model Minimum Pulse Width 'game:g1|change[0]'
Slack : -1.222
TNS   : -2.444

Type  : Slow 1200mV 0C Model Minimum Pulse Width 'game:g1|change[1]'
Slack : -1.222
TNS   : -2.444

Type  : Slow 1200mV 0C Model Minimum Pulse Width 'game:g1|change[2]'
Slack : -1.222
TNS   : -2.444

Type  : Slow 1200mV 0C Model Minimum Pulse Width 'game:g1|change[3]'
Slack : -1.222
TNS   : -2.444

Type  : Slow 1200mV 0C Model Minimum Pulse Width 'game:g1|change[4]'
Slack : -1.222
TNS   : -2.444

Type  : Slow 1200mV 0C Model Minimum Pulse Width 'game:g1|change[5]'
Slack : -1.222
TNS   : -2.444

Type  : Slow 1200mV 0C Model Minimum Pulse Width 'game:g1|change[6]'
Slack : -1.222
TNS   : -2.444

Type  : Slow 1200mV 0C Model Minimum Pulse Width 'game:g1|change[7]'
Slack : -1.222
TNS   : -2.444

Type  : Slow 1200mV 0C Model Minimum Pulse Width 'game:g1|change[8]'
Slack : -1.222
TNS   : -2.444

Type  : Slow 1200mV 0C Model Minimum Pulse Width 'vgaSync:vs1|hcounter[0]'
Slack : -1.113
TNS   : -54.914

Type  : Fast 1200mV 0C Model Setup 'vgaSync:vs1|hcounter[0]'
Slack : -3.045
TNS   : -29.380

Type  : Fast 1200mV 0C Model Setup 'vgaSync:vs1|clkdiv25:cd0|cout'
Slack : -1.335
TNS   : -22.540

Type  : Fast 1200mV 0C Model Setup 'clk'
Slack : -1.258
TNS   : -22.399

Type  : Fast 1200mV 0C Model Setup 'game:g1|msclock:cl1|cout'
Slack : -1.080
TNS   : -17.392

Type  : Fast 1200mV 0C Model Setup 'game:g1|change[0]'
Slack : -0.119
TNS   : -0.155

Type  : Fast 1200mV 0C Model Setup 'game:g1|change[2]'
Slack : -0.038
TNS   : -0.065

Type  : Fast 1200mV 0C Model Setup 'game:g1|change[7]'
Slack : -0.033
TNS   : -0.042

Type  : Fast 1200mV 0C Model Setup 'game:g1|change[5]'
Slack : 0.000
TNS   : 0.000

Type  : Fast 1200mV 0C Model Setup 'game:g1|change[6]'
Slack : 0.036
TNS   : 0.000

Type  : Fast 1200mV 0C Model Setup 'game:g1|change[3]'
Slack : 0.117
TNS   : 0.000

Type  : Fast 1200mV 0C Model Setup 'game:g1|change[1]'
Slack : 0.141
TNS   : 0.000

Type  : Fast 1200mV 0C Model Setup 'game:g1|change[4]'
Slack : 0.169
TNS   : 0.000

Type  : Fast 1200mV 0C Model Setup 'game:g1|change[8]'
Slack : 0.189
TNS   : 0.000

Type  : Fast 1200mV 0C Model Hold 'vgaSync:vs1|hcounter[0]'
Slack : 0.011
TNS   : 0.000

Type  : Fast 1200mV 0C Model Hold 'game:g1|msclock:cl1|cout'
Slack : 0.152
TNS   : 0.000

Type  : Fast 1200mV 0C Model Hold 'clk'
Slack : 0.246
TNS   : 0.000

Type  : Fast 1200mV 0C Model Hold 'vgaSync:vs1|clkdiv25:cd0|cout'
Slack : 0.253
TNS   : 0.000

Type  : Fast 1200mV 0C Model Hold 'game:g1|change[1]'
Slack : 0.343
TNS   : 0.000

Type  : Fast 1200mV 0C Model Hold 'game:g1|change[4]'
Slack : 0.419
TNS   : 0.000

Type  : Fast 1200mV 0C Model Hold 'game:g1|change[3]'
Slack : 0.433
TNS   : 0.000

Type  : Fast 1200mV 0C Model Hold 'game:g1|change[8]'
Slack : 0.433
TNS   : 0.000

Type  : Fast 1200mV 0C Model Hold 'game:g1|change[6]'
Slack : 0.448
TNS   : 0.000

Type  : Fast 1200mV 0C Model Hold 'game:g1|change[5]'
Slack : 0.573
TNS   : 0.000

Type  : Fast 1200mV 0C Model Hold 'game:g1|change[7]'
Slack : 0.638
TNS   : 0.000

Type  : Fast 1200mV 0C Model Hold 'game:g1|change[2]'
Slack : 0.663
TNS   : 0.000

Type  : Fast 1200mV 0C Model Hold 'game:g1|change[0]'
Slack : 0.691
TNS   : 0.000

Type  : Fast 1200mV 0C Model Minimum Pulse Width 'clk'
Slack : -3.000
TNS   : -38.222

Type  : Fast 1200mV 0C Model Minimum Pulse Width 'vgaSync:vs1|clkdiv25:cd0|cout'
Slack : -1.000
TNS   : -23.000

Type  : Fast 1200mV 0C Model Minimum Pulse Width 'game:g1|msclock:cl1|cout'
Slack : -1.000
TNS   : -19.000

Type  : Fast 1200mV 0C Model Minimum Pulse Width 'game:g1|change[0]'
Slack : -1.000
TNS   : -2.000

Type  : Fast 1200mV 0C Model Minimum Pulse Width 'game:g1|change[1]'
Slack : -1.000
TNS   : -2.000

Type  : Fast 1200mV 0C Model Minimum Pulse Width 'game:g1|change[2]'
Slack : -1.000
TNS   : -2.000

Type  : Fast 1200mV 0C Model Minimum Pulse Width 'game:g1|change[3]'
Slack : -1.000
TNS   : -2.000

Type  : Fast 1200mV 0C Model Minimum Pulse Width 'game:g1|change[4]'
Slack : -1.000
TNS   : -2.000

Type  : Fast 1200mV 0C Model Minimum Pulse Width 'game:g1|change[5]'
Slack : -1.000
TNS   : -2.000

Type  : Fast 1200mV 0C Model Minimum Pulse Width 'game:g1|change[6]'
Slack : -1.000
TNS   : -2.000

Type  : Fast 1200mV 0C Model Minimum Pulse Width 'game:g1|change[7]'
Slack : -1.000
TNS   : -2.000

Type  : Fast 1200mV 0C Model Minimum Pulse Width 'game:g1|change[8]'
Slack : -1.000
TNS   : -2.000

Type  : Fast 1200mV 0C Model Minimum Pulse Width 'vgaSync:vs1|hcounter[0]'
Slack : -0.406
TNS   : -15.101

------------------------------------------------------------
